2026-03-22 00:53:06 | INFO     | history              | 历史记录清理调度器已启动
2026-03-22 00:58:51 | INFO     | __main__             | [API] 解析视频: https://x.com/Xiaoniu6161/status/2035280434976956515 (客户端: 88b501aa-98b1-4cc5-a7e3-5b3df0d7b126)
2026-03-22 00:58:56 | INFO     | __main__             | [API] 解析完成，耗时: 5.02s, 找到 6 个格式
2026-03-22 00:59:03 | INFO     | __main__             | [Download] 任务开始: 635612ceb5b7409ea040eec7c22855f4
2026-03-22 00:59:03 | INFO     | __main__             | [API] 创建下载任务: 635612ceb5b7409ea040eec7c22855f4 (客户端: 88b501aa-98b1-4cc5-a7e3-5b3df0d7b126, License: SF8I-201R-3WYM-FDJS)
2026-03-22 00:59:03 | INFO     | __main__             | [Download] 任务开始: 12399e42cb364db7935572bb0cc320a0
2026-03-22 00:59:03 | INFO     | __main__             | [API] 创建下载任务: 12399e42cb364db7935572bb0cc320a0 (客户端: 88b501aa-98b1-4cc5-a7e3-5b3df0d7b126, License: SF8I-201R-3WYM-FDJS)
2026-03-22 00:59:17 | INFO     | __main__             | [History] 已保存下载历史: 小牛 - 中国厂商又有福了🤙  苏黎世联邦理工大学，爱因斯坦的母校，推出一款无比灵活的机械手臂，所有零部件均为 3D 打印💪  最为关键的该团队把所... (客户端: 88b501aa-98b1-4cc5-a7e3-5b3df0d7b126)
2026-03-22 00:59:17 | INFO     | __main__             | [Download] 任务完成: 12399e42cb364db7935572bb0cc320a0 文件=小牛 - 中国厂商又有福了🤙 苏黎世联邦理工大学，爱因斯坦的母校，推出一款无比灵活的机械手臂，所有零部件均为 3D 打印💪 最为关键的该团队把所.mp4 大小=3.44MB
2026-03-22 00:59:26 | INFO     | __main__             | [History] 已保存下载历史: 小牛 - 中国厂商又有福了🤙  苏黎世联邦理工大学，爱因斯坦的母校，推出一款无比灵活的机械手臂，所有零部件均为 3D 打印💪  最为关键的该团队把所... (客户端: 88b501aa-98b1-4cc5-a7e3-5b3df0d7b126)
2026-03-22 00:59:26 | INFO     | __main__             | [Download] 任务完成: 635612ceb5b7409ea040eec7c22855f4 文件=小牛 - 中国厂商又有福了🤙 苏黎世联邦理工大学，爱因斯坦的母校，推出一款无比灵活的机械手臂，所有零部件均为 3D 打印💪 最为关键的该团队把所.mp4 大小=3.44MB
2026-03-22 01:13:34 | INFO     | __main__             | [API] 解析视频: https://www.youtube.com/watch?v=Ln8mKAdQjTw (客户端: 88b501aa-98b1-4cc5-a7e3-5b3df0d7b126)
2026-03-22 01:13:40 | INFO     | __main__             | [API] 解析完成，耗时: 5.84s, 找到 6 个格式
2026-03-22 01:13:40 | INFO     | __main__             | [API] 解析视频: https://www.youtube.com/@wongkim728 (客户端: 88b501aa-98b1-4cc5-a7e3-5b3df0d7b126)
2026-03-22 01:59:44 | INFO     | __main__             | [API] 解析视频: https://www.youtube.com/@wongkim728 (客户端: 88b501aa-98b1-4cc5-a7e3-5b3df0d7b126)
2026-03-22 09:39:46 | INFO     | history              | 历史记录清理调度器已启动
2026-03-22 09:40:30 | INFO     | __main__             | [API] 解析视频: https://www.youtube.com/watch?v=ERwk5iIOe5g (客户端: 88b501aa-98b1-4cc5-a7e3-5b3df0d7b126)
2026-03-22 09:40:41 | INFO     | __main__             | [API] 解析完成，耗时: 11.40s, 找到 1 个格式
2026-03-22 09:40:43 | INFO     | __main__             | [Download] 任务开始: 768f41a82d4e499ead38dfbddd8b828b
2026-03-22 09:40:43 | INFO     | __main__             | [API] 创建下载任务: 768f41a82d4e499ead38dfbddd8b828b (客户端: 88b501aa-98b1-4cc5-a7e3-5b3df0d7b126, License: SF8I-201R-3WYM-FDJS)
2026-03-22 09:48:21 | INFO     | history              | 历史记录清理调度器已启动
2026-03-22 09:48:28 | INFO     | __main__             | [API] 解析视频: https://x.com/UnicornBitcoin/status/2035384372669620352 (客户端: 88b501aa-98b1-4cc5-a7e3-5b3df0d7b126)
2026-03-22 09:48:38 | INFO     | __main__             | [API] 解析完成，耗时: 9.99s, 找到 6 个格式
2026-03-22 09:48:50 | INFO     | __main__             | [Download] 任务开始: 49a8929fb4124381a349f8f56ec9b34b
2026-03-22 09:48:50 | INFO     | __main__             | [API] 创建下载任务: 49a8929fb4124381a349f8f56ec9b34b (客户端: 88b501aa-98b1-4cc5-a7e3-5b3df0d7b126, License: SF8I-201R-3WYM-FDJS)
2026-03-22 09:48:59 | INFO     | __main__             | [History] 已保存下载历史: UNICORN⚡️🦄 - 除了消耗 Token 猛点，别的没毛病，前期，后期，编辑，策划，剪辑，配音，字幕…AI全干了  OpenClaw 在 Seedance 2... (客户端: 88b501aa-98b1-4cc5-a7e3-5b3df0d7b126)
2026-03-22 09:48:59 | INFO     | __main__             | [Download] 任务完成: 49a8929fb4124381a349f8f56ec9b34b 文件=UNICORN⚡️🦄 - 除了消耗 Token 猛点，别的没毛病，前期，后期，编辑，策划，剪辑，配音，字幕…AI全干了 OpenClaw 在 Seedance 2.mp4 大小=1.73MB
2026-03-22 09:49:25 | INFO     | __main__             | [API] 解析视频: https://www.xiaohongshu.com/explore/69b50f05000000001f006ad6?xsec_token=ABAzRJoKAHCbLWCAXzpJepAjku6NP46f8Y08uqHshHGAo=&xsec_source=pc_feed (客户端: 88b501aa-98b1-4cc5-a7e3-5b3df0d7b126)
2026-03-22 09:49:29 | INFO     | __main__             | [API] 解析视频: https://www.xiaohongshu.com/explore/69af0adf000000000e00ec10?xsec_token=ABdjaiUgCKoJsfo7zf7NCwRmrWcCrGJ2uHTvtyViNOb14=&xsec_source=pc_feed (客户端: 88b501aa-98b1-4cc5-a7e3-5b3df0d7b126)
2026-03-22 09:49:30 | INFO     | __main__             | [API] 解析完成，耗时: 0.38s, 找到 0 个格式
2026-03-22 09:49:30 | INFO     | __main__             | [API] 解析视频: https://www.xiaohongshu.com/explore/69af0adf000000000e00ec10?xsec_token=ABdjaiUgCKoJsfo7zf7NCwRmrWcCrGJ2uHTvtyViNOb14=&xsec_source=pc_feed (客户端: 88b501aa-98b1-4cc5-a7e3-5b3df0d7b126)
2026-03-22 09:49:31 | INFO     | __main__             | [API] 解析完成，耗时: 0.40s, 找到 0 个格式
2026-03-22 09:49:58 | INFO     | __main__             | [API] 解析视频: https://www.xiaohongshu.com/explore/69af0adf000000000e00ec10?xsec_token=ABdjaiUgCKoJsfo7zf7NCwRmrWcCrGJ2uHTvtyViNOb14=&xsec_source=pc_feed (客户端: 88b501aa-98b1-4cc5-a7e3-5b3df0d7b126)
2026-03-22 09:49:59 | INFO     | __main__             | [API] 解析完成，耗时: 0.34s, 找到 0 个格式
2026-03-22 09:53:56 | INFO     | __main__             | [History] 已保存下载历史: 美国陷在伊朗，习近平会不会冒险出手台湾？/新闻8分钟/王剑每日观察 (客户端: 88b501aa-98b1-4cc5-a7e3-5b3df0d7b126)
2026-03-22 09:53:56 | INFO     | __main__             | [Download] 任务完成: 768f41a82d4e499ead38dfbddd8b828b 文件=美国陷在伊朗，习近平会不会冒险出手台湾？_新闻8分钟_王剑每日观察.mp4 大小=25.87MB
2026-03-22 10:14:33 | INFO     | history              | 历史记录清理调度器已启动
2026-03-22 10:18:20 | INFO     | __main__             | [API] 解析视频: https://www.xiaohongshu.com/explore/69be0c080000000023020ea1?xsec_token=ABq6Ws1j59128dJLnPpn_BfFPTfWu3PmEQ7nUc3JH9-eE=&xsec_source=pc_feed (客户端: 88b501aa-98b1-4cc5-a7e3-5b3df0d7b126)
2026-03-22 10:18:20 | INFO     | __main__             | [API] 解析完成，耗时: 0.67s, 找到 0 个格式
2026-03-22 10:20:41 | INFO     | __main__             | [API] 快速解析: https://x.com/KKaWSB/status/2035524416088797223 (客户端: 88b501aa-98b1-4cc5-a7e3-5b3df0d7b126)
2026-03-22 10:20:46 | INFO     | __main__             | [API] 快速解析完成，耗时: 4.84s
2026-03-22 10:20:55 | INFO     | __main__             | [Download] 任务开始: dd1a30fb7eef4f0d85a811f5f823a08b
2026-03-22 10:20:55 | INFO     | __main__             | [API] 创建下载任务: dd1a30fb7eef4f0d85a811f5f823a08b (客户端: 88b501aa-98b1-4cc5-a7e3-5b3df0d7b126, License: SF8I-201R-3WYM-FDJS)
2026-03-22 10:21:11 | INFO     | __main__             | [History] 已保存下载历史: KK.aWSB - 字节跳动开源了一个"超级AI员工"框架——DeerFlow 2.0，发布即登GitHub Trending第一。  它不是聊天机器人，是A... (客户端: 88b501aa-98b1-4cc5-a7e3-5b3df0d7b126)
2026-03-22 10:21:11 | INFO     | __main__             | [Download] 任务完成: dd1a30fb7eef4f0d85a811f5f823a08b 文件=KK.aWSB - 字节跳动开源了一个_超级AI员工_框架——DeerFlow 2.0，发布即登GitHub Trending第一。 它不是聊天机器人，是A.mp4 大小=2.95MB
2026-03-22 10:22:59 | INFO     | __main__             | [API] 解析视频: https://x.com/VincentLogic/status/2035341926044414062 (客户端: 88b501aa-98b1-4cc5-a7e3-5b3df0d7b126)
2026-03-22 10:23:03 | INFO     | __main__             | [API] 解析完成，耗时: 3.75s, 找到 4 个格式
2026-03-22 10:33:33 | INFO     | __main__             | [API] 快速解析: https://x.com/VincentLogic/status/2035341926044414062 (客户端: 88b501aa-98b1-4cc5-a7e3-5b3df0d7b126)
2026-03-22 10:33:36 | INFO     | __main__             | [API] 快速解析完成，耗时: 3.71s
2026-03-22 10:34:16 | INFO     | __main__             | [API] 解析视频: https://www.xiaohongshu.com/explore/69be0c080000000023020ea1?xsec_token=ABq6Ws1j59128dJLnPpn_BfFPTfWu3PmEQ7nUc3JH9-eE=&xsec_source=pc_feed (客户端: 88b501aa-98b1-4cc5-a7e3-5b3df0d7b126)
2026-03-22 10:34:16 | INFO     | __main__             | [API] 解析完成，耗时: 0.35s, 找到 0 个格式
2026-03-22 10:39:03 | INFO     | __main__             | [API] 快速解析: https://x.com/VincentLogic/status/2035341926044414062 (客户端: 88b501aa-98b1-4cc5-a7e3-5b3df0d7b126)
2026-03-22 10:39:10 | ERROR    | __main__             | [API] 快速解析失败: [0;31mERROR:[0m [twitter] 2035341926044414062: Unable to download JSON metadata: [SSL: UNEXPECTED_EOF_WHILE_READING] EOF occurred in violation of protocol (_ssl.c:1028) (caused by SSLError('[SSL: UNEXPECTED_EOF_WHILE_READING] EOF occurred in violation of protocol (_ssl.c:1028)')); please report this issue on  https://github.com/yt-dlp/yt-dlp/issues?q= , filling out the appropriate issue template. Confirm you are on the latest version using  yt-dlp -U
2026-03-22 10:39:10 | INFO     | __main__             | [API] 解析视频: https://x.com/VincentLogic/status/2035341926044414062 (客户端: 88b501aa-98b1-4cc5-a7e3-5b3df0d7b126)
2026-03-22 10:39:20 | INFO     | __main__             | [API] 解析完成，耗时: 10.42s, 找到 4 个格式
2026-03-22 10:40:54 | INFO     | __main__             | [API] 解析视频: https://www.xiaohongshu.com/explore/69be0c080000000023020ea1?xsec_token=ABq6Ws1j59128dJLnPpn_BfFPTfWu3PmEQ7nUc3JH9-eE=&xsec_source=pc_feed (客户端: 88b501aa-98b1-4cc5-a7e3-5b3df0d7b126)
2026-03-22 10:40:55 | INFO     | __main__             | [API] 解析完成，耗时: 0.73s, 找到 0 个格式
2026-03-22 10:41:10 | INFO     | __main__             | [Download] 任务开始: ed5c8441361b4d4fa2c80e8344ad64d2
2026-03-22 10:41:10 | INFO     | __main__             | [API] 创建下载任务: ed5c8441361b4d4fa2c80e8344ad64d2 (客户端: 88b501aa-98b1-4cc5-a7e3-5b3df0d7b126, License: SF8I-201R-3WYM-FDJS)
2026-03-22 10:41:10 | INFO     | __main__             | [Download] 任务开始: 026ecb00cddf40fd8689e25d792b2c66
2026-03-22 10:41:10 | INFO     | __main__             | [API] 创建下载任务: 026ecb00cddf40fd8689e25d792b2c66 (客户端: 88b501aa-98b1-4cc5-a7e3-5b3df0d7b126, License: SF8I-201R-3WYM-FDJS)
2026-03-22 10:41:11 | INFO     | __main__             | [History] 已保存下载历史: 原来空气炸锅不一定得用防油纸或锡纸碗～ (客户端: 88b501aa-98b1-4cc5-a7e3-5b3df0d7b126)
2026-03-22 10:41:11 | INFO     | __main__             | [Download] 任务完成: 026ecb00cddf40fd8689e25d792b2c66 文件=原来空气炸锅不一定得用防油纸或锡纸碗～.mp4 大小=2.77MB
2026-03-22 10:41:11 | INFO     | __main__             | [History] 已保存下载历史: 原来空气炸锅不一定得用防油纸或锡纸碗～ (客户端: 88b501aa-98b1-4cc5-a7e3-5b3df0d7b126)
2026-03-22 10:41:11 | INFO     | __main__             | [Download] 任务完成: ed5c8441361b4d4fa2c80e8344ad64d2 文件=原来空气炸锅不一定得用防油纸或锡纸碗～.mp4 大小=2.77MB
2026-03-22 10:41:35 | INFO     | __main__             | [API] 解析视频: https://www.xiaohongshu.com/explore/69af0adf000000000e00ec10?xsec_token=ABdjaiUgCKoJsfo7zf7NCwRmrWcCrGJ2uHTvtyViNOb14=&xsec_source=pc_feed (客户端: 88b501aa-98b1-4cc5-a7e3-5b3df0d7b126)
2026-03-22 10:41:36 | INFO     | __main__             | [API] 解析完成，耗时: 0.35s, 找到 0 个格式
2026-03-22 10:41:40 | INFO     | __main__             | [Download] 任务开始: de570a34982f4f01b1a73c511e158512
2026-03-22 10:41:40 | INFO     | __main__             | [API] 创建下载任务: de570a34982f4f01b1a73c511e158512 (客户端: 88b501aa-98b1-4cc5-a7e3-5b3df0d7b126, License: SF8I-201R-3WYM-FDJS)
2026-03-22 10:41:40 | INFO     | __main__             | [Download] 任务开始: eb3211d3252f4c7bb4fcce22ce5a73d0
2026-03-22 10:41:40 | INFO     | __main__             | [API] 创建下载任务: eb3211d3252f4c7bb4fcce22ce5a73d0 (客户端: 88b501aa-98b1-4cc5-a7e3-5b3df0d7b126, License: SF8I-201R-3WYM-FDJS)
2026-03-22 10:41:47 | INFO     | __main__             | [History] 已保存下载历史: 杭州春天必骑！滨江→义桥 (客户端: 88b501aa-98b1-4cc5-a7e3-5b3df0d7b126)
2026-03-22 10:41:47 | INFO     | __main__             | [Download] 任务完成: eb3211d3252f4c7bb4fcce22ce5a73d0 文件=杭州春天必骑！滨江→义桥.mp4 大小=52.12MB
2026-03-22 10:41:47 | INFO     | __main__             | [History] 已保存下载历史: 杭州春天必骑！滨江→义桥 (客户端: 88b501aa-98b1-4cc5-a7e3-5b3df0d7b126)
2026-03-22 10:41:47 | INFO     | __main__             | [Download] 任务完成: de570a34982f4f01b1a73c511e158512 文件=杭州春天必骑！滨江→义桥.mp4 大小=52.12MB
2026-03-22 10:47:32 | INFO     | history              | 历史记录清理调度器已启动
2026-03-22 10:47:48 | INFO     | __main__             | [API] 解析视频: https://www.xiaohongshu.com/explore/69af0adf000000000e00ec10?xsec_token=ABdjaiUgCKoJsfo7zf7NCwRmrWcCrGJ2uHTvtyViNOb14=&xsec_source=pc_feed (客户端: 88b501aa-98b1-4cc5-a7e3-5b3df0d7b126)
2026-03-22 10:48:52 | INFO     | __main__             | [API] 解析视频: https://www.xiaohongshu.com/explore/69b59b1e0000000021012e90?xsec_token=ABAzRJoKAHCbLWCAXzpJepApofpIURssTxd75hfOsL28s=&xsec_source=pc_feed (客户端: 88b501aa-98b1-4cc5-a7e3-5b3df0d7b126)
2026-03-22 10:54:10 | INFO     | __main__             | [API] 解析视频: https://www.xiaohongshu.com/explore/69be0c080000000023020ea1?xsec_token=ABq6Ws1j59128dJLnPpn_BfFPTfWu3PmEQ7nUc3JH9-eE=&xsec_source=pc_feed (客户端: 88b501aa-98b1-4cc5-a7e3-5b3df0d7b126)
2026-03-22 10:54:21 | INFO     | history              | 历史记录清理调度器已启动
2026-03-22 10:54:31 | INFO     | __main__             | [API] 解析视频: https://www.xiaohongshu.com/explore/69be0c080000000023020ea1?xsec_token=ABq6Ws1j59128dJLnPpn_BfFPTfWu3PmEQ7nUc3JH9-eE=&xsec_source=pc_feed (客户端: 88b501aa-98b1-4cc5-a7e3-5b3df0d7b126)
2026-03-22 10:54:32 | ERROR    | __main__             | [API] DownloadError: [0;31mERROR:[0m [XiaoHongShu] 69be0c080000000023020ea1: No video formats found!; please report this issue on  https://github.com/yt-dlp/yt-dlp/issues?q= , filling out the appropriate issue template. Confirm you are on the latest version using  yt-dlp -U
2026-03-22 11:02:43 | INFO     | __main__             | [API] 快速解析: https://x.com/VincentLogic/status/2035341926044414062 (客户端: 88b501aa-98b1-4cc5-a7e3-5b3df0d7b126)
2026-03-22 11:02:52 | INFO     | __main__             | [API] 快速解析原始格式数量: 11
2026-03-22 11:02:52 | INFO     | __main__             | [API] 快速解析完成，耗时: 8.38s, 平台: x
2026-03-22 11:03:03 | INFO     | __main__             | [Download] 任务开始: 5b1bedcaab8a4e25ba8ad614a4553d44
2026-03-22 11:03:03 | INFO     | __main__             | [API] 创建下载任务: 5b1bedcaab8a4e25ba8ad614a4553d44 (客户端: 88b501aa-98b1-4cc5-a7e3-5b3df0d7b126, License: SF8I-201R-3WYM-FDJS)
2026-03-22 11:03:43 | INFO     | __main__             | [API] 快速解析: https://x.com/Sizhe_bitcat/status/2035341840820629557 (客户端: 88b501aa-98b1-4cc5-a7e3-5b3df0d7b126)
2026-03-22 11:03:49 | INFO     | __main__             | [API] 快速解析原始格式数量: 11
2026-03-22 11:03:49 | INFO     | __main__             | [API] 快速解析完成，耗时: 6.16s, 平台: x
2026-03-22 11:04:34 | INFO     | __main__             | [History] 已保存下载历史: Vincent｜只上干货 - 搞钱就是开卷考试。秘籍就是“抄”，模仿同行搞钱的全链路。用户从哪里来？产品是什么？如何交付？ (客户端: 88b501aa-98b1-4cc5-a7e3-5b3df0d7b126)
2026-03-22 11:04:34 | INFO     | __main__             | [Download] 任务完成: 5b1bedcaab8a4e25ba8ad614a4553d44 文件=Vincent｜只上干货 - 搞钱就是开卷考试。秘籍就是“抄”，模仿同行搞钱的全链路。用户从哪里来？产品是什么？如何交付？.mp4 大小=1.08MB
2026-03-22 11:04:50 | INFO     | __main__             | [API] 快速解析: https://www.xiaohongshu.com/explore/69be0c080000000023020ea1?xsec_token=ABq6Ws1j59128dJLnPpn_BfFPTfWu3PmEQ7nUc3JH9-eE=&xsec_source=pc_feed (客户端: 88b501aa-98b1-4cc5-a7e3-5b3df0d7b126)
2026-03-22 11:04:50 | INFO     | __main__             | [API] 快速解析原始格式数量: 2
2026-03-22 11:04:50 | WARNING  | __main__             | [API] 快速解析未找到标准格式，使用默认格式
2026-03-22 11:04:50 | INFO     | __main__             | [API] 快速解析完成，耗时: 0.41s, 平台: xiaohongshu
2026-03-22 11:04:52 | INFO     | __main__             | [Download] 任务开始: 98804a5565894222ae6fae5dfdef632b
2026-03-22 11:04:52 | INFO     | __main__             | [API] 创建下载任务: 98804a5565894222ae6fae5dfdef632b (客户端: 88b501aa-98b1-4cc5-a7e3-5b3df0d7b126, License: SF8I-201R-3WYM-FDJS)
2026-03-22 11:04:53 | INFO     | __main__             | [History] 已保存下载历史: 原来空气炸锅不一定得用防油纸或锡纸碗～ (客户端: 88b501aa-98b1-4cc5-a7e3-5b3df0d7b126)
2026-03-22 11:04:53 | INFO     | __main__             | [Download] 任务完成: 98804a5565894222ae6fae5dfdef632b 文件=原来空气炸锅不一定得用防油纸或锡纸碗～.mp4 大小=2.77MB
2026-03-22 11:05:12 | INFO     | __main__             | [API] 快速解析: https://www.xiaohongshu.com/explore/6999ef04000000001a01d20d?xsec_token=ABtDp8EUSw3DNviA5xkyNKJ0R5WM4jI8639lOvSBMirYg=&xsec_source=pc_feed (客户端: 88b501aa-98b1-4cc5-a7e3-5b3df0d7b126)
2026-03-22 11:05:12 | INFO     | __main__             | [API] 快速解析原始格式数量: 2
2026-03-22 11:05:12 | WARNING  | __main__             | [API] 快速解析未找到标准格式，使用默认格式
2026-03-22 11:05:12 | INFO     | __main__             | [API] 快速解析完成，耗时: 0.37s, 平台: xiaohongshu
2026-03-22 11:05:16 | INFO     | __main__             | [Download] 任务开始: d618869bdfda44cda2560b590731f1a4
2026-03-22 11:05:16 | INFO     | __main__             | [API] 创建下载任务: d618869bdfda44cda2560b590731f1a4 (客户端: 88b501aa-98b1-4cc5-a7e3-5b3df0d7b126, License: SF8I-201R-3WYM-FDJS)
2026-03-22 11:05:17 | INFO     | __main__             | [History] 已保存下载历史: 关了灯就…彻底放飞自我了 (客户端: 88b501aa-98b1-4cc5-a7e3-5b3df0d7b126)
2026-03-22 11:05:17 | INFO     | __main__             | [Download] 任务完成: d618869bdfda44cda2560b590731f1a4 文件=关了灯就…彻底放飞自我了.mp4 大小=5.20MB
2026-03-22 11:05:39 | INFO     | __main__             | [API] 快速解析: https://www.xiaohongshu.com/explore/69ba70ff000000001f001421?xsec_token=ABKDnfWC4ot32o6Rnh62FVSV2iBvyAPCzl1-wU0vO7bnA=&xsec_source=pc_feed (客户端: 88b501aa-98b1-4cc5-a7e3-5b3df0d7b126)
2026-03-22 11:05:39 | ERROR    | __main__             | [API] 快速解析失败: https://www.xiaohongshu.com/explore/69ba70ff000000001f001421?xsec_token=ABKDnfWC4ot32o6Rnh62FVSV2iBvyAPCzl1-wU0vO7bnA=&xsec_source=pc_feed - [0;31mERROR:[0m [XiaoHongShu] 69ba70ff000000001f001421: No video formats found!; please report this issue on  https://github.com/yt-dlp/yt-dlp/issues?q= , filling out the appropriate issue template. Confirm you are on the latest version using  yt-dlp -U
2026-03-22 11:05:39 | INFO     | __main__             | [API] 解析视频: https://www.xiaohongshu.com/explore/69ba70ff000000001f001421?xsec_token=ABKDnfWC4ot32o6Rnh62FVSV2iBvyAPCzl1-wU0vO7bnA=&xsec_source=pc_feed (客户端: 88b501aa-98b1-4cc5-a7e3-5b3df0d7b126)
2026-03-22 11:05:40 | ERROR    | __main__             | [API] DownloadError: [0;31mERROR:[0m [XiaoHongShu] 69ba70ff000000001f001421: No video formats found!; please report this issue on  https://github.com/yt-dlp/yt-dlp/issues?q= , filling out the appropriate issue template. Confirm you are on the latest version using  yt-dlp -U
2026-03-22 11:05:44 | INFO     | __main__             | [Download] 任务开始: a4b017ab01ec468794ed1ff5599d621d
2026-03-22 11:05:44 | INFO     | __main__             | [API] 创建下载任务: a4b017ab01ec468794ed1ff5599d621d (客户端: 88b501aa-98b1-4cc5-a7e3-5b3df0d7b126, License: SF8I-201R-3WYM-FDJS)
2026-03-22 11:05:44 | WARNING  | __main__             | [Download] 任务失败: a4b017ab01ec468794ed1ff5599d621d 错误=[0;31mERROR:[0m [XiaoHongShu] 69ba70ff000000001f001421: No video formats found!; please report this issue on  https://github.com/yt-dlp/yt-dlp/issues?q= , filling out the appropriate issue template. Confirm you are on the latest version using  yt-dlp -U
2026-03-22 11:05:48 | INFO     | __main__             | [Download] 任务开始: f3cbd1ce75f44f2b898e8d018b74bfc7
2026-03-22 11:05:48 | INFO     | __main__             | [API] 创建下载任务: f3cbd1ce75f44f2b898e8d018b74bfc7 (客户端: 88b501aa-98b1-4cc5-a7e3-5b3df0d7b126, License: SF8I-201R-3WYM-FDJS)
2026-03-22 11:05:48 | WARNING  | __main__             | [Download] 任务失败: f3cbd1ce75f44f2b898e8d018b74bfc7 错误=[0;31mERROR:[0m [XiaoHongShu] 69ba70ff000000001f001421: No video formats found!; please report this issue on  https://github.com/yt-dlp/yt-dlp/issues?q= , filling out the appropriate issue template. Confirm you are on the latest version using  yt-dlp -U
2026-03-22 11:05:51 | INFO     | __main__             | [Download] 任务开始: 584682d0d917439989b1ef73aa4c738a
2026-03-22 11:05:51 | INFO     | __main__             | [API] 创建下载任务: 584682d0d917439989b1ef73aa4c738a (客户端: 88b501aa-98b1-4cc5-a7e3-5b3df0d7b126, License: SF8I-201R-3WYM-FDJS)
2026-03-22 11:05:51 | WARNING  | __main__             | [Download] 任务失败: 584682d0d917439989b1ef73aa4c738a 错误=[0;31mERROR:[0m [XiaoHongShu] 69ba70ff000000001f001421: No video formats found!; please report this issue on  https://github.com/yt-dlp/yt-dlp/issues?q= , filling out the appropriate issue template. Confirm you are on the latest version using  yt-dlp -U
2026-03-22 11:06:03 | INFO     | __main__             | [Download] 任务开始: 4de55a0e67694b068750306fc4aa7581
2026-03-22 11:06:03 | INFO     | __main__             | [API] 创建下载任务: 4de55a0e67694b068750306fc4aa7581 (客户端: 88b501aa-98b1-4cc5-a7e3-5b3df0d7b126, License: SF8I-201R-3WYM-FDJS)
2026-03-22 11:06:03 | WARNING  | __main__             | [Download] 任务失败: 4de55a0e67694b068750306fc4aa7581 错误=[0;31mERROR:[0m [XiaoHongShu] 69ba70ff000000001f001421: No video formats found!; please report this issue on  https://github.com/yt-dlp/yt-dlp/issues?q= , filling out the appropriate issue template. Confirm you are on the latest version using  yt-dlp -U
2026-03-22 11:06:24 | INFO     | __main__             | [API] 快速解析: https://www.xiaohongshu.com/explore/69ba70ff000000001f001421?xsec_token=ABKDnfWC4ot32o6Rnh62FVSV2iBvyAPCzl1-wU0vO7bnA=&xsec_source=pc_feed (客户端: 88b501aa-98b1-4cc5-a7e3-5b3df0d7b126)
2026-03-22 11:06:25 | ERROR    | __main__             | [API] 快速解析失败: https://www.xiaohongshu.com/explore/69ba70ff000000001f001421?xsec_token=ABKDnfWC4ot32o6Rnh62FVSV2iBvyAPCzl1-wU0vO7bnA=&xsec_source=pc_feed - [0;31mERROR:[0m [XiaoHongShu] 69ba70ff000000001f001421: No video formats found!; please report this issue on  https://github.com/yt-dlp/yt-dlp/issues?q= , filling out the appropriate issue template. Confirm you are on the latest version using  yt-dlp -U
2026-03-22 11:06:25 | INFO     | __main__             | [API] 解析视频: https://www.xiaohongshu.com/explore/69ba70ff000000001f001421?xsec_token=ABKDnfWC4ot32o6Rnh62FVSV2iBvyAPCzl1-wU0vO7bnA=&xsec_source=pc_feed (客户端: 88b501aa-98b1-4cc5-a7e3-5b3df0d7b126)
2026-03-22 11:06:25 | ERROR    | __main__             | [API] DownloadError: [0;31mERROR:[0m [XiaoHongShu] 69ba70ff000000001f001421: No video formats found!; please report this issue on  https://github.com/yt-dlp/yt-dlp/issues?q= , filling out the appropriate issue template. Confirm you are on the latest version using  yt-dlp -U
2026-03-22 11:11:50 | INFO     | history              | 历史记录清理调度器已启动
2026-03-22 11:48:22 | INFO     | __main__             | [API] 快速解析: https://www.xiaohongshu.com/explore/69b0ef8c000000000b03624d?xsec_token=ABb4F6BEU5FYAVyr28h02Gt_ZOhg7jRDqDZk7uoy2Gn8E=&xsec_source=pc_user (客户端: 88b501aa-98b1-4cc5-a7e3-5b3df0d7b126)
2026-03-22 11:48:22 | ERROR    | __main__             | [API] 快速解析失败: https://www.xiaohongshu.com/explore/69b0ef8c000000000b03624d?xsec_token=ABb4F6BEU5FYAVyr28h02Gt_ZOhg7jRDqDZk7uoy2Gn8E=&xsec_source=pc_user - [0;31mERROR:[0m [XiaoHongShu] 69b0ef8c000000000b03624d: No video formats found!; please report this issue on  https://github.com/yt-dlp/yt-dlp/issues?q= , filling out the appropriate issue template. Confirm you are on the latest version using  yt-dlp -U
2026-03-22 11:48:22 | INFO     | __main__             | [API] 解析视频: https://www.xiaohongshu.com/explore/69b0ef8c000000000b03624d?xsec_token=ABb4F6BEU5FYAVyr28h02Gt_ZOhg7jRDqDZk7uoy2Gn8E=&xsec_source=pc_user (客户端: 88b501aa-98b1-4cc5-a7e3-5b3df0d7b126)
2026-03-22 11:48:23 | ERROR    | __main__             | [API] DownloadError: [0;31mERROR:[0m [XiaoHongShu] 69b0ef8c000000000b03624d: No video formats found!; please report this issue on  https://github.com/yt-dlp/yt-dlp/issues?q= , filling out the appropriate issue template. Confirm you are on the latest version using  yt-dlp -U
2026-03-22 11:48:39 | INFO     | __main__             | [API] 快速解析: https://www.xiaohongshu.com/explore/69b3c08a000000001a02da2f?xsec_token=ABkEizYeLUuX0Zx1V5rwaT3lOqnyD9jE7NeE6S6ZqJEjg=&xsec_source=pc_user (客户端: 88b501aa-98b1-4cc5-a7e3-5b3df0d7b126)
2026-03-22 11:48:39 | ERROR    | __main__             | [API] 快速解析失败: https://www.xiaohongshu.com/explore/69b3c08a000000001a02da2f?xsec_token=ABkEizYeLUuX0Zx1V5rwaT3lOqnyD9jE7NeE6S6ZqJEjg=&xsec_source=pc_user - [0;31mERROR:[0m [XiaoHongShu] 69b3c08a000000001a02da2f: No video formats found!; please report this issue on  https://github.com/yt-dlp/yt-dlp/issues?q= , filling out the appropriate issue template. Confirm you are on the latest version using  yt-dlp -U
2026-03-22 11:48:39 | INFO     | __main__             | [API] 解析视频: https://www.xiaohongshu.com/explore/69b3c08a000000001a02da2f?xsec_token=ABkEizYeLUuX0Zx1V5rwaT3lOqnyD9jE7NeE6S6ZqJEjg=&xsec_source=pc_user (客户端: 88b501aa-98b1-4cc5-a7e3-5b3df0d7b126)
2026-03-22 11:48:40 | ERROR    | __main__             | [API] DownloadError: [0;31mERROR:[0m [XiaoHongShu] 69b3c08a000000001a02da2f: No video formats found!; please report this issue on  https://github.com/yt-dlp/yt-dlp/issues?q= , filling out the appropriate issue template. Confirm you are on the latest version using  yt-dlp -U
2026-03-22 16:53:12 | INFO     | __main__             | [API] 快速解析: https://www.xiaohongshu.com/explore/69b7ad660000000020038e31?xsec_token=AB7PQ61CVSH1V7XsJAwv5vxoKibshdi22iX4dpW1oMjQ4=&xsec_source=pc_feed (客户端: 88b501aa-98b1-4cc5-a7e3-5b3df0d7b126)
2026-03-22 16:53:13 | ERROR    | __main__             | [API] 快速解析失败: https://www.xiaohongshu.com/explore/69b7ad660000000020038e31?xsec_token=AB7PQ61CVSH1V7XsJAwv5vxoKibshdi22iX4dpW1oMjQ4=&xsec_source=pc_feed - [0;31mERROR:[0m [XiaoHongShu] 69b7ad660000000020038e31: No video formats found!; please report this issue on  https://github.com/yt-dlp/yt-dlp/issues?q= , filling out the appropriate issue template. Confirm you are on the latest version using  yt-dlp -U
2026-03-22 16:53:13 | INFO     | __main__             | [API] 解析视频: https://www.xiaohongshu.com/explore/69b7ad660000000020038e31?xsec_token=AB7PQ61CVSH1V7XsJAwv5vxoKibshdi22iX4dpW1oMjQ4=&xsec_source=pc_feed (客户端: 88b501aa-98b1-4cc5-a7e3-5b3df0d7b126)
2026-03-22 16:53:13 | ERROR    | __main__             | [API] DownloadError: [0;31mERROR:[0m [XiaoHongShu] 69b7ad660000000020038e31: No video formats found!; please report this issue on  https://github.com/yt-dlp/yt-dlp/issues?q= , filling out the appropriate issue template. Confirm you are on the latest version using  yt-dlp -U
2026-03-22 16:53:57 | INFO     | __main__             | [API] 快速解析: https://www.xiaohongshu.com/explore/69b81a10000000001a02e8b2?xsec_token=ABenkMTOBovDdz2btRDIe0MuBfb_oFpDWebVqGAOxXZlU=&xsec_source=pc_feed (客户端: 88b501aa-98b1-4cc5-a7e3-5b3df0d7b126)
2026-03-22 16:53:57 | INFO     | __main__             | [API] 快速解析原始格式数量: 2
2026-03-22 16:53:57 | WARNING  | __main__             | [API] 快速解析未找到标准格式，使用默认格式
2026-03-22 16:53:57 | INFO     | __main__             | [API] 快速解析完成，耗时: 0.36s, 平台: xiaohongshu
2026-03-22 16:54:03 | INFO     | __main__             | [API] 快速解析: https://www.xiaohongshu.com/explore/69be645e000000001a02ea50?xsec_token=ABq6Ws1j59128dJLnPpn_BfF1WLAwWtax_pJIRbSV7fxU=&xsec_source=pc_feed (客户端: 88b501aa-98b1-4cc5-a7e3-5b3df0d7b126)
2026-03-22 16:54:03 | ERROR    | __main__             | [API] 快速解析失败: https://www.xiaohongshu.com/explore/69be645e000000001a02ea50?xsec_token=ABq6Ws1j59128dJLnPpn_BfF1WLAwWtax_pJIRbSV7fxU=&xsec_source=pc_feed - [0;31mERROR:[0m [XiaoHongShu] 69be645e000000001a02ea50: No video formats found!; please report this issue on  https://github.com/yt-dlp/yt-dlp/issues?q= , filling out the appropriate issue template. Confirm you are on the latest version using  yt-dlp -U
2026-03-22 16:54:03 | INFO     | __main__             | [API] 解析视频: https://www.xiaohongshu.com/explore/69be645e000000001a02ea50?xsec_token=ABq6Ws1j59128dJLnPpn_BfF1WLAwWtax_pJIRbSV7fxU=&xsec_source=pc_feed (客户端: 88b501aa-98b1-4cc5-a7e3-5b3df0d7b126)
2026-03-22 16:54:03 | ERROR    | __main__             | [API] DownloadError: [0;31mERROR:[0m [XiaoHongShu] 69be645e000000001a02ea50: No video formats found!; please report this issue on  https://github.com/yt-dlp/yt-dlp/issues?q= , filling out the appropriate issue template. Confirm you are on the latest version using  yt-dlp -U
2026-03-22 16:54:38 | INFO     | __main__             | [API] 快速解析: https://www.xiaohongshu.com/explore/69aecf82000000002800b96d?xsec_token=ABe354kaVlFQ11AAMHeAlMziEyEfr9pCXhxmaNImYy7eU=&xsec_source=pc_feed (客户端: 88b501aa-98b1-4cc5-a7e3-5b3df0d7b126)
2026-03-22 16:54:38 | ERROR    | __main__             | [API] 快速解析失败: https://www.xiaohongshu.com/explore/69aecf82000000002800b96d?xsec_token=ABe354kaVlFQ11AAMHeAlMziEyEfr9pCXhxmaNImYy7eU=&xsec_source=pc_feed - [0;31mERROR:[0m [XiaoHongShu] 69aecf82000000002800b96d: No video formats found!; please report this issue on  https://github.com/yt-dlp/yt-dlp/issues?q= , filling out the appropriate issue template. Confirm you are on the latest version using  yt-dlp -U
2026-03-22 16:54:38 | INFO     | __main__             | [API] 解析视频: https://www.xiaohongshu.com/explore/69aecf82000000002800b96d?xsec_token=ABe354kaVlFQ11AAMHeAlMziEyEfr9pCXhxmaNImYy7eU=&xsec_source=pc_feed (客户端: 88b501aa-98b1-4cc5-a7e3-5b3df0d7b126)
2026-03-22 16:54:39 | ERROR    | __main__             | [API] DownloadError: [0;31mERROR:[0m [XiaoHongShu] 69aecf82000000002800b96d: No video formats found!; please report this issue on  https://github.com/yt-dlp/yt-dlp/issues?q= , filling out the appropriate issue template. Confirm you are on the latest version using  yt-dlp -U
2026-03-22 16:54:58 | INFO     | __main__             | [API] 快速解析: https://www.xiaohongshu.com/explore/68898a8800000000230250ea?xsec_token=ABStJzzqrxxa0UX3L6eMtMM9ycFasFhl5iJImlSGd35As=&xsec_source=pc_user (客户端: 88b501aa-98b1-4cc5-a7e3-5b3df0d7b126)
2026-03-22 16:54:58 | ERROR    | __main__             | [API] 快速解析失败: https://www.xiaohongshu.com/explore/68898a8800000000230250ea?xsec_token=ABStJzzqrxxa0UX3L6eMtMM9ycFasFhl5iJImlSGd35As=&xsec_source=pc_user - [0;31mERROR:[0m [XiaoHongShu] 68898a8800000000230250ea: No video formats found!; please report this issue on  https://github.com/yt-dlp/yt-dlp/issues?q= , filling out the appropriate issue template. Confirm you are on the latest version using  yt-dlp -U
2026-03-22 16:54:58 | INFO     | __main__             | [API] 解析视频: https://www.xiaohongshu.com/explore/68898a8800000000230250ea?xsec_token=ABStJzzqrxxa0UX3L6eMtMM9ycFasFhl5iJImlSGd35As=&xsec_source=pc_user (客户端: 88b501aa-98b1-4cc5-a7e3-5b3df0d7b126)
2026-03-22 16:54:59 | ERROR    | __main__             | [API] DownloadError: [0;31mERROR:[0m [XiaoHongShu] 68898a8800000000230250ea: No video formats found!; please report this issue on  https://github.com/yt-dlp/yt-dlp/issues?q= , filling out the appropriate issue template. Confirm you are on the latest version using  yt-dlp -U
2026-03-22 16:55:06 | INFO     | __main__             | [API] 快速解析: https://www.xiaohongshu.com/explore/69aecf82000000002800b96d?xsec_token=ABqZNGZET_fMAIfFednL20bLE4kVkBqjO5uX8dRqG089U=&xsec_source=pc_user (客户端: 88b501aa-98b1-4cc5-a7e3-5b3df0d7b126)
2026-03-22 16:55:06 | ERROR    | __main__             | [API] 快速解析失败: https://www.xiaohongshu.com/explore/69aecf82000000002800b96d?xsec_token=ABqZNGZET_fMAIfFednL20bLE4kVkBqjO5uX8dRqG089U=&xsec_source=pc_user - [0;31mERROR:[0m [XiaoHongShu] 69aecf82000000002800b96d: No video formats found!; please report this issue on  https://github.com/yt-dlp/yt-dlp/issues?q= , filling out the appropriate issue template. Confirm you are on the latest version using  yt-dlp -U
2026-03-22 16:55:06 | INFO     | __main__             | [API] 解析视频: https://www.xiaohongshu.com/explore/69aecf82000000002800b96d?xsec_token=ABqZNGZET_fMAIfFednL20bLE4kVkBqjO5uX8dRqG089U=&xsec_source=pc_user (客户端: 88b501aa-98b1-4cc5-a7e3-5b3df0d7b126)
2026-03-22 16:55:06 | ERROR    | __main__             | [API] DownloadError: [0;31mERROR:[0m [XiaoHongShu] 69aecf82000000002800b96d: No video formats found!; please report this issue on  https://github.com/yt-dlp/yt-dlp/issues?q= , filling out the appropriate issue template. Confirm you are on the latest version using  yt-dlp -U
2026-03-22 16:55:40 | INFO     | __main__             | [API] 快速解析: https://www.xiaohongshu.com/explore/694ca06f000000001e02a0fa?xsec_token=ABvOvwz3Xy6pdMeUa8fKXkQlnKchszhmV9d9PCgW_QlDc=&xsec_source=pc_search&source=web_explore_feed (客户端: 88b501aa-98b1-4cc5-a7e3-5b3df0d7b126)
2026-03-22 16:55:40 | INFO     | __main__             | [API] 快速解析原始格式数量: 2
2026-03-22 16:55:40 | INFO     | __main__             | [API] 快速解析完成，耗时: 0.50s, 平台: xiaohongshu
2026-03-22 16:57:03 | INFO     | __main__             | [API] 快速解析: https://www.xiaohongshu.com/explore/698839ee000000000e03d092?xsec_token=ABWYJlG-S-OQUXDPkJio-vMk5hArjn930zVaeV5bSGdgE=&xsec_source=pc_search&source=web_explore_feed (客户端: 88b501aa-98b1-4cc5-a7e3-5b3df0d7b126)
2026-03-22 16:57:03 | ERROR    | __main__             | [API] 快速解析失败: https://www.xiaohongshu.com/explore/698839ee000000000e03d092?xsec_token=ABWYJlG-S-OQUXDPkJio-vMk5hArjn930zVaeV5bSGdgE=&xsec_source=pc_search&source=web_explore_feed - [0;31mERROR:[0m [XiaoHongShu] 698839ee000000000e03d092: No video formats found!; please report this issue on  https://github.com/yt-dlp/yt-dlp/issues?q= , filling out the appropriate issue template. Confirm you are on the latest version using  yt-dlp -U
2026-03-22 16:57:03 | INFO     | __main__             | [API] 解析视频: https://www.xiaohongshu.com/explore/698839ee000000000e03d092?xsec_token=ABWYJlG-S-OQUXDPkJio-vMk5hArjn930zVaeV5bSGdgE=&xsec_source=pc_search&source=web_explore_feed (客户端: 88b501aa-98b1-4cc5-a7e3-5b3df0d7b126)
2026-03-22 16:57:04 | ERROR    | __main__             | [API] DownloadError: [0;31mERROR:[0m [XiaoHongShu] 698839ee000000000e03d092: No video formats found!; please report this issue on  https://github.com/yt-dlp/yt-dlp/issues?q= , filling out the appropriate issue template. Confirm you are on the latest version using  yt-dlp -U
2026-03-22 17:01:12 | INFO     | __main__             | [API] 快速解析: https://www.xiaohongshu.com/explore/67c1ad4300000000290131fd?xsec_token=ABZhTxLqHjlFD581gdxCaJqMJes2gT_T0IH6BPy4-OXYo=&xsec_source=pc_search&source=web_search_result_notes (客户端: 88b501aa-98b1-4cc5-a7e3-5b3df0d7b126)
2026-03-22 17:01:13 | ERROR    | __main__             | [API] 快速解析失败: https://www.xiaohongshu.com/explore/67c1ad4300000000290131fd?xsec_token=ABZhTxLqHjlFD581gdxCaJqMJes2gT_T0IH6BPy4-OXYo=&xsec_source=pc_search&source=web_search_result_notes - [0;31mERROR:[0m [XiaoHongShu] 67c1ad4300000000290131fd: No video formats found!; please report this issue on  https://github.com/yt-dlp/yt-dlp/issues?q= , filling out the appropriate issue template. Confirm you are on the latest version using  yt-dlp -U
2026-03-22 17:01:13 | INFO     | __main__             | [API] 解析视频: https://www.xiaohongshu.com/explore/67c1ad4300000000290131fd?xsec_token=ABZhTxLqHjlFD581gdxCaJqMJes2gT_T0IH6BPy4-OXYo=&xsec_source=pc_search&source=web_search_result_notes (客户端: 88b501aa-98b1-4cc5-a7e3-5b3df0d7b126)
2026-03-22 17:01:13 | ERROR    | __main__             | [API] DownloadError: [0;31mERROR:[0m [XiaoHongShu] 67c1ad4300000000290131fd: No video formats found!; please report this issue on  https://github.com/yt-dlp/yt-dlp/issues?q= , filling out the appropriate issue template. Confirm you are on the latest version using  yt-dlp -U
2026-03-22 17:06:55 | INFO     | __main__             | [API] 快速解析: https://www.xiaohongshu.com/explore/67c06cd4000000002903ae9f?xsec_token=ABE4R545Wymk32Fm4PtJRybyLbI3bNpXDCjKS-oAHW_44=&xsec_source=pc_search&source=web_explore_feed (客户端: 88b501aa-98b1-4cc5-a7e3-5b3df0d7b126)
2026-03-22 17:06:55 | INFO     | __main__             | [API] 快速解析原始格式数量: 2
2026-03-22 17:06:55 | WARNING  | __main__             | [API] 快速解析未找到标准格式，使用默认格式
2026-03-22 17:06:55 | INFO     | __main__             | [API] 快速解析完成，耗时: 0.30s, 平台: xiaohongshu
2026-03-22 17:09:04 | INFO     | __main__             | [API] 快速解析: https://www.xiaohongshu.com/explore/66e19929000000001e01a451?xsec_token=AB8xbFosSSI1LOTcnl42eJVtMQ40Y5Vh3t2gWlkZvsGgw=&xsec_source=pc_user (客户端: 88b501aa-98b1-4cc5-a7e3-5b3df0d7b126)
2026-03-22 17:09:04 | INFO     | __main__             | [API] 快速解析原始格式数量: 2
2026-03-22 17:09:04 | WARNING  | __main__             | [API] 快速解析未找到标准格式，使用默认格式
2026-03-22 17:09:04 | INFO     | __main__             | [API] 快速解析完成，耗时: 0.31s, 平台: xiaohongshu
2026-03-22 17:09:36 | INFO     | __main__             | [API] 快速解析: https://www.xiaohongshu.com/explore/6955c15d000000002103d939?xsec_token=ABjoDClGlRgZIPYAIgrhOjf4p4FKbMZLrR-FzFZlc0HyY=&xsec_source=pc_search&source=web_explore_feed (客户端: 88b501aa-98b1-4cc5-a7e3-5b3df0d7b126)
2026-03-22 17:09:37 | ERROR    | __main__             | [API] 快速解析失败: https://www.xiaohongshu.com/explore/6955c15d000000002103d939?xsec_token=ABjoDClGlRgZIPYAIgrhOjf4p4FKbMZLrR-FzFZlc0HyY=&xsec_source=pc_search&source=web_explore_feed - [0;31mERROR:[0m [XiaoHongShu] 6955c15d000000002103d939: No video formats found!; please report this issue on  https://github.com/yt-dlp/yt-dlp/issues?q= , filling out the appropriate issue template. Confirm you are on the latest version using  yt-dlp -U
2026-03-22 17:09:37 | INFO     | __main__             | [API] 解析视频: https://www.xiaohongshu.com/explore/6955c15d000000002103d939?xsec_token=ABjoDClGlRgZIPYAIgrhOjf4p4FKbMZLrR-FzFZlc0HyY=&xsec_source=pc_search&source=web_explore_feed (客户端: 88b501aa-98b1-4cc5-a7e3-5b3df0d7b126)
2026-03-22 17:09:37 | ERROR    | __main__             | [API] DownloadError: [0;31mERROR:[0m [XiaoHongShu] 6955c15d000000002103d939: No video formats found!; please report this issue on  https://github.com/yt-dlp/yt-dlp/issues?q= , filling out the appropriate issue template. Confirm you are on the latest version using  yt-dlp -U
2026-03-22 17:10:48 | INFO     | __main__             | [API] 快速解析: https://www.xiaohongshu.com/explore/69bc1219000000001a02755f?xsec_token=ABpcdlzkE2LUOjC8wnHfTzHK5UzlfEeS93ZyUPkyX46k0=&xsec_source=pc_search&source=web_explore_feed (客户端: 88b501aa-98b1-4cc5-a7e3-5b3df0d7b126)
2026-03-22 17:10:48 | ERROR    | __main__             | [API] 快速解析失败: https://www.xiaohongshu.com/explore/69bc1219000000001a02755f?xsec_token=ABpcdlzkE2LUOjC8wnHfTzHK5UzlfEeS93ZyUPkyX46k0=&xsec_source=pc_search&source=web_explore_feed - [0;31mERROR:[0m [XiaoHongShu] 69bc1219000000001a02755f: No video formats found!; please report this issue on  https://github.com/yt-dlp/yt-dlp/issues?q= , filling out the appropriate issue template. Confirm you are on the latest version using  yt-dlp -U
2026-03-22 17:10:48 | INFO     | __main__             | [API] 解析视频: https://www.xiaohongshu.com/explore/69bc1219000000001a02755f?xsec_token=ABpcdlzkE2LUOjC8wnHfTzHK5UzlfEeS93ZyUPkyX46k0=&xsec_source=pc_search&source=web_explore_feed (客户端: 88b501aa-98b1-4cc5-a7e3-5b3df0d7b126)
2026-03-22 17:10:49 | ERROR    | __main__             | [API] DownloadError: [0;31mERROR:[0m [XiaoHongShu] 69bc1219000000001a02755f: No video formats found!; please report this issue on  https://github.com/yt-dlp/yt-dlp/issues?q= , filling out the appropriate issue template. Confirm you are on the latest version using  yt-dlp -U
2026-03-22 17:11:48 | INFO     | __main__             | [API] 快速解析: https://www.xiaohongshu.com/explore/69b760ba0000000023025eb5?xsec_token=ABNtZLaoE0obNobTKtB3E2bLFtfg4P2GvuAzCX5R7RYnY=&xsec_source=pc_search&source=web_explore_feed (客户端: 88b501aa-98b1-4cc5-a7e3-5b3df0d7b126)
2026-03-22 17:11:48 | ERROR    | __main__             | [API] 快速解析失败: https://www.xiaohongshu.com/explore/69b760ba0000000023025eb5?xsec_token=ABNtZLaoE0obNobTKtB3E2bLFtfg4P2GvuAzCX5R7RYnY=&xsec_source=pc_search&source=web_explore_feed - [0;31mERROR:[0m [XiaoHongShu] 69b760ba0000000023025eb5: No video formats found!; please report this issue on  https://github.com/yt-dlp/yt-dlp/issues?q= , filling out the appropriate issue template. Confirm you are on the latest version using  yt-dlp -U
2026-03-22 17:11:48 | INFO     | __main__             | [API] 解析视频: https://www.xiaohongshu.com/explore/69b760ba0000000023025eb5?xsec_token=ABNtZLaoE0obNobTKtB3E2bLFtfg4P2GvuAzCX5R7RYnY=&xsec_source=pc_search&source=web_explore_feed (客户端: 88b501aa-98b1-4cc5-a7e3-5b3df0d7b126)
2026-03-22 17:11:49 | ERROR    | __main__             | [API] DownloadError: [0;31mERROR:[0m [XiaoHongShu] 69b760ba0000000023025eb5: No video formats found!; please report this issue on  https://github.com/yt-dlp/yt-dlp/issues?q= , filling out the appropriate issue template. Confirm you are on the latest version using  yt-dlp -U
2026-03-22 18:35:25 | INFO     | __main__             | [API] 解析视频: https://www.douyin.com/jingxuan?modal_id=7618207592698950114 (客户端: 88b501aa-98b1-4cc5-a7e3-5b3df0d7b126)
2026-03-22 18:35:41 | ERROR    | __main__             | [API] DownloadError: [0;31mERROR:[0m Unsupported URL: https://www.douyin.com/jingxuan?modal_id=7618207592698950114
